[00:25:59] [main/INFO]: Setting user: Player406
[00:25:59] [Client thread/INFO]: LWJGL Version: 2.9.1
[00:26:02] [Client thread/INFO]: Reloading ResourceManager: Default, FMLFileResourcePack:Forge Mod Loader, FMLFileResourcePack:Minecraft Forge, FMLFileResourcePack:Nova Inventory
[00:26:03] [Client thread/INFO]: Created: 16x16 textures/blocks-atlas
[00:26:03] [Client thread/INFO]: Created: 16x16 textures/items-atlas
[00:26:03] [Sound Library Loader/INFO]: Sound engine started
[00:26:03] [Client thread/INFO]: Reloading ResourceManager: Default, FMLFileResourcePack:Forge Mod Loader, FMLFileResourcePack:Minecraft Forge, FMLFileResourcePack:§6NovaInventory§6
[00:26:03] [Client thread/INFO]: Created: 512x256 textures/blocks-atlas
[00:26:03] [Client thread/INFO]: Created: 256x256 textures/items-atlas
[00:26:04] [Sound Library Loader/INFO]: Sound engine started
[00:26:09] [Server thread/INFO]: Starting integrated minecraft server version 1.7.10
[00:26:09] [Server thread/INFO]: Generating keypair
[00:26:10] [Server thread/INFO]: Preparing start region for level 0
[00:26:10] [Server thread/INFO]: Changing view distance to 12, from 10
[00:26:10] [Server thread/INFO]: Player406[local:E:537dd053] logged in with entity id 212 at (-115.69999998807907, 65.0, -47.33842517281943)
[00:26:10] [Server thread/INFO]: Player406 joined the game
[00:26:12] [Server thread/INFO]: Player406 has just earned the achievement [Taking Inventory]
[00:26:12] [Client thread/INFO]: [CHAT] Player406 has just earned the achievement [Taking Inventory]
[00:26:22] [Client thread/INFO]: [CHAT] /gamemode, /give, /gamerule
[00:26:23] [Server thread/INFO]: [Player406: Set own game mode to Survival Mode]
[00:26:23] [Client thread/INFO]: [CHAT] Your game mode has been updated
[00:26:32] [Server thread/INFO]: [Player406: Set own game mode to Creative Mode]
[00:26:32] [Client thread/INFO]: [CHAT] Your game mode has been updated
[00:26:32] [Server thread/INFO]: Saving and pausing game...
[00:26:32] [Server thread/INFO]: Saving chunks for level 'New World'/Overworld
[00:26:32] [Server thread/INFO]: Saving chunks for level 'New World'/Nether
[00:26:32] [Server thread/INFO]: Saving chunks for level 'New World'/The End
[00:26:33] [Server thread/INFO]: Stopping server
[00:26:33] [Server thread/INFO]: Saving players
[00:26:33] [Server thread/INFO]: Saving worlds
[00:26:33] [Server thread/INFO]: Saving chunks for level 'New World'/Overworld
[00:26:33] [Server thread/INFO]: Saving chunks for level 'New World'/Nether
[00:26:33] [Server thread/INFO]: Saving chunks for level 'New World'/The End
[00:26:34] [Client thread/INFO]: Stopping!
